2
2
2
2
2
2
2
3
5
5
7
7
11
11
11
2147483647
2147483647
2147483647
2147483647
