Expected NULL, got NULL.
Expected NULL, got NULL.
Expected NULL, got NULL.
Expected NULL, got NULL.
-1 
-1 0 
Expected NULL, got NULL.
30 31 32 33 34 35 36 37 38 39 
