Hello42GyeongsanSoHotPlace

Hello
Hello 42
Hello 42 Gyeongsan
Hello 42 Gyeongsan So
Hello 42 Gyeongsan So Hot
Hello 42 Gyeongsan So Hot Place
Hello,42,Gyeongsan,So,Hot,Place
Hello, 42, Gyeongsan, So, Hot, Place
Hello, -42, -Gyeongsan, -So, -Hot, -Place
