NULL
1000010010010
NULL
NULL
NULL
NULL
NULL
NULL
NULL
---
NULL
0
NULL
NULL
NULL
NULL
NULL
NULL
NULL
---
a
---
1234
-1234
1234
1234
-1234
1234
123
12
1
-1234
1234
---
5
5
5
---
