1234
1234
1234
1234
1234
1234
1234
-2147483648
2147483647
-1234
-1234
-1234
-1234
-1234
-1234
