0
4242
0
0
0
0
0
0
0
---
0
---
1234
-1234
1234
1234
-1234
1234
123
12
1
-1234
1234
---
5
5
5
---
