TRUE is 1.
FALSE is 0.
SUCCESS is 0.
EVEN(x) is right.
EVEN(x) is right.
I have an even number of arguments.
I have an odd number of arguments.
