MACRO ABS(-1): 1, abs(-1): 1
MACRO ABS(0): 0, abs(0): 0
MACRO ABS(1): 1, abs(1): 1
MACRO ABS(42): 42, abs(42): 42
MACRO ABS(-2147483647): 2147483647, abs(-2147483647): 2147483647
MACRO ABS(-2147483648): -2147483648, abs(-2147483648): -2147483648
